C51 COMPILER V9.01   DHT_T_RH                                                              08/28/2015 11:21:59 PAGE 1   


C51 COMPILER V9.01, COMPILATION OF MODULE DHT_T_RH
OBJECT MODULE PLACED IN DHT_T_RH.OBJ
COMPILER INVOKED BY: D:\C51\BIN\C51.EXE DHT_T_RH.C BROWSE DEBUG OBJECTEXTEND

line level    source

   1          /******************************************
   2          烟雾传感器程序没写  PM2.5没写
   3          
   4            心率还没写
   5          
   6          *******************************************/
   7          
   8          #include <reg52.h>
   9          #include"head_file.h"
  10             
  11          uchar  U8FLAG;
  12          uchar  U8count,U8temp;
  13          uchar  U8T_data_H,U8T_data_L,U8RH_data_H,U8RH_data_L,U8checkdata;
  14          uchar  U8T_data_H_temp,U8T_data_L_temp,U8RH_data_H_temp,U8RH_data_L_temp,U8checkdata_temp;
  15          uchar  U8comdata;
  16          
  17          
  18           
  19          void Delay(uint j)
  20              {      uchar i;
  21   1                  for(;j>0;j--)
  22   1                {     
  23   2                      for(i=0;i<27;i++);
  24   2      
  25   2                }
  26   1          }
  27          
  28          void  Delay_10us(void)
  29                {
  30   1              uchar i;
  31   1              i--;
  32   1              i--;
  33   1              i--;
  34   1              i--;
  35   1              i--;
  36   1              i--;
  37   1             }        
  38          void  COM(void)
  39                {    
  40   1                     
  41   1                          uchar i;
  42   1             for(i=0;i<8;i++)    
  43   1                  {
  44   2                          U8FLAG=2;
  45   2                      //----------------------
  46   2      //               P2_1=0 ;  //T
  47   2      //               P2_1=1 ;  //T
  48   2                  //---------------------- 
  49   2              
  50   2                      while((!P2_0)&&U8FLAG++);
  51   2                              Delay_10us();
  52   2                              Delay_10us();
  53   2                      //      Delay_10us();
  54   2                              U8temp=0;
  55   2                   if(P2_0)U8temp=1;
C51 COMPILER V9.01   DHT_T_RH                                                              08/28/2015 11:21:59 PAGE 2   

  56   2                          U8FLAG=2;
  57   2                       while((P2_0)&&U8FLAG++);
  58   2                              
  59   2                  //----------------------
  60   2      //                P2_1=0 ;  //T
  61   2      //                P2_1=1 ;  //T
  62   2                 //----------------------
  63   2                      //超时则跳出for循环               
  64   2                       if(U8FLAG==1)break;
  65   2                      //判断数据位是0还是1     
  66   2                      // 如果高电平高过预定0高电平值则数据位为 1               
  67   2                         U8comdata<<=1;
  68   2                         U8comdata|=U8temp;        //0
  69   2                   }//rof
  70   1                 
  71   1              }
  72          
  73                  //--------------------------------
  74                  //-----湿度读取子程序 ------------
  75                  //--------------------------------
  76                  //----以下变量均为全局变量--------
  77                  //----温度高8位== U8T_data_H------
  78                  //----温度低8位== U8T_data_L------
  79                  //----湿度高8位== U8RH_data_H-----
  80                  //----湿度低8位== U8RH_data_L-----
  81                  //----校验 8位 == U8checkdata-----
  82                  //----调用相关子程序如下----------
  83                  //---- Delay();, Delay_10us();,COM(); 
  84                  //--------------------------------
  85          
  86          void RH(void)
  87                  {
  88   1                //主机拉低18ms 
  89   1                RHT_flag=0;
  90   1             P2_0=0;
  91   1                 Delay(180);
  92   1                 P2_0=1;
  93   1               //总线由上拉电阻拉高 主机延时20us
  94   1                 Delay_10us();
  95   1                 Delay_10us();
  96   1                 Delay_10us();
  97   1                 Delay_10us();
  98   1               //主机设为输入 判断从机响应信号 
  99   1                 P2_0=1;
 100   1               //判断从机是否有低电平响应信号 如不响应则跳出，响应则向下运行    
 101   1                 if(!P2_0)             //T !    
 102   1                 {
 103   2                 U8FLAG=2;
 104   2               //判断从机是否发出 80us 的低电平响应信号是否结束        while（！P2_0）i++；if（i>70）{while()}
 105   2                 while((!P2_0)&&U8FLAG++);
 106   2                 U8FLAG=2;
 107   2               //判断从机是否发出 80us 的高电平，如发出则进入数据接收状态
 108   2                 while((P2_0)&&U8FLAG++);
 109   2               //数据接收状态          
 110   2                 COM();
 111   2                 U8RH_data_H_temp=U8comdata;
 112   2                 COM();
 113   2                 U8RH_data_L_temp=U8comdata;
 114   2                 COM();
 115   2                 U8T_data_H_temp=U8comdata;
 116   2                 COM();
 117   2                 U8T_data_L_temp=U8comdata;
C51 COMPILER V9.01   DHT_T_RH                                                              08/28/2015 11:21:59 PAGE 3   

 118   2                 COM();
 119   2                 U8checkdata_temp=U8comdata;
 120   2                 P2_0=1;
 121   2               //数据校验 
 122   2                 U8temp=(U8T_data_H_temp+U8T_data_L_temp+U8RH_data_H_temp+U8RH_data_L_temp);
 123   2                 if(U8temp==U8checkdata_temp)
 124   2                 {
 125   3                        U8RH_data_H=U8RH_data_H_temp;
 126   3                        U8RH_data_L=U8RH_data_L_temp;
 127   3                        U8T_data_H=U8T_data_H_temp;
 128   3                        U8T_data_L=U8T_data_L_temp;
 129   3                        U8checkdata=U8checkdata_temp;
 130   3                        RHT_flag=1;
 131   3                 }//fi
 132   2                 }//fi
 133   1      
 134   1              }
 135           
 136                   


MODULE INFORMATION:   STATIC OVERLAYABLE
   CODE SIZE        =    219    ----
   CONSTANT SIZE    =   ----    ----
   XDATA SIZE       =   ----    ----
   PDATA SIZE       =   ----    ----
   DATA SIZE        =     14       1
   IDATA SIZE       =   ----    ----
   BIT SIZE         =      1    ----
END OF MODULE INFORMATION.


C51 COMPILATION COMPLETE.  0 WARNING(S),  0 ERROR(S)
