C51 COMPILER V9.06   LCD1602                                                               06/02/2014 21:49:55 PAGE 1   


C51 COMPILER V9.06, COMPILATION OF MODULE LCD1602
OBJECT MODULE PLACED IN LCD1602.OBJ
COMPILER INVOKED BY: D:\Keil\C51\BIN\C51.EXE LCD1602.c BROWSE DEBUG OBJECTEXTEND TABS(2)

line level    source

   1          #include <STC12C5A60S2.h>
   2          #include "stdio.h"
   3          #include <LCD1602.h>
   4          
   5          sbit LCD1602_RS = P1^5; //位定义，液晶的数据/命令选择
   6          sbit LCD1602_RW = P1^6; //位定义，液晶的读写选择
   7          sbit LCD1602_EN = P1^7; //位定义，液晶使能信号
   8          
   9          #define LCDPORT P0    //液晶的数据口
  10          
  11          /******************************************************************************
  12          函数名称：LCD1602_CheckBusy
  13          函数功能：忙检测
  14          入口参数：无
  15          返回值：无
  16          备注：忙检测采用了多加一个延时条件的办法，放置程序卡在检测函数中
  17          *******************************************************************************/
  18          void LCD1602_CheckBusy(void)    
  19          {
  20   1        unsigned char i = 255;
  21   1        LCDPORT = 0xFF;  //读之前先置位，准备读取IO口数据
  22   1        LCD1602_RS = 0;
  23   1        LCD1602_RW = 1;  //使液晶处于读数据状态
  24   1        LCD1602_EN = 1;  //使能液晶，高电平有效
  25   1        while((i--) && (LCDPORT & 0x80)); //忙检测
  26   1        LCD1602_EN = 0;
  27   1      }
  28          
  29          /******************************************************************************
  30          函数名称：LCD1602_WriteInformation
  31          函数功能：向LCD1602液晶写入数据或者命令
  32          入口参数：ucData-要写入的数据或者命令参数
  33                bComOrData-为0时写入的时命令，为1时写入的时数据
  34          返回值：无
  35          备注：无
  36          *******************************************************************************/
  37          void LCD1602_WriteInformation(unsigned char ucData,bit bComOrData)   
  38          {
  39   1        LCD1602_CheckBusy();   //在写入数据或者命令前先进行忙检测
  40   1        LCDPORT = ucData;    //先将数据或者命令送至IO
  41   1        LCD1602_RS = bComOrData;  //确定是写入数据还是写命令
  42   1        LCD1602_RW = 0;   //使液晶处于写入信息状态
  43   1        LCD1602_EN = 1;   //使能液晶，高电平有效
  44   1        LCD1602_EN = 0;
  45   1      }
  46          
  47          /******************************************************************************
  48          函数名称：LCD1602_Init
  49          函数功能：液晶初始化函数
  50          入口参数：无
  51          返回值：无
  52          备注：无
  53          *******************************************************************************/
  54          void LCD1602_Init(void)    
  55          {
C51 COMPILER V9.06   LCD1602                                                               06/02/2014 21:49:55 PAGE 2   

  56   1        LCD1602_WriteInformation(0x38,0);
  57   1        delay(300);
  58   1        LCD1602_WriteInformation(0x38,0);
  59   1        delay(100);
  60   1        LCD1602_WriteInformation(0x38,0);
  61   1        delay(100);
  62   1        LCD1602_WriteInformation(0x38,0);   //写入命令，5x7点阵工作方式，8位数据接口
  63   1        delay(100);
  64   1        LCD1602_WriteInformation(0x0c,0); //显示设置，开显示，光标不显示，不闪烁
  65   1        delay(20);
  66   1        LCD1602_WriteInformation(0x01,0); //清屏指令
  67   1        delay(20);
  68   1      }
  69          
  70          /******************************************************************************
  71          函数名称：LCD1602_MoveToPosition
  72          函数功能：将液晶的光标移动到指定的位置
  73          入口参数：x-液晶显示的行数，范围0-1
  74                x = 0:在液晶的第一行
  75                x = 1:在液晶的第二行
  76                y-液晶显示的列数，范围0-15
  77                  y = 0:在液晶的第一列
  78                y = 1:在液晶的第二列
  79                ......
  80                y = 15:在液晶的第十六列
  81          返回值：无
  82          备注：通过指定x,y的值可以将液晶的光标移动到指定的位置
  83          *******************************************************************************/
  84          void LCD1602_MoveToPosition(unsigned char x,unsigned char y)  
  85          {
  86   1        if(0 == x)
  87   1          LCD1602_WriteInformation((0x80 | y),0);    //光标定位到第一行的y列
  88   1        if(1 == x)
  89   1          LCD1602_WriteInformation((0xC0 | y),0);    //光标定义到第二行的y列
  90   1      }
  91          
  92          /******************************************************************************
  93          函数名称：LCD1602_DisplayOneCharOnAddr
  94          函数功能：在指定的位置上显示指定的字符
  95          入口参数：x-液晶显示的行数，范围0-1
  96                x = 0:在液晶的第一行
  97                x = 1:在液晶的第二行
  98                y-液晶显示的列数，范围0-15
  99                  y = 0:在液晶的第一列
 100                y = 1:在液晶的第二列
 101                ......
 102                y = 15:在液晶的第十六列
 103                ucData-要显示的字符数据
 104          返回值：无
 105          备注：确保x,y的取值要在指定的范围内
 106          *******************************************************************************/
 107          void LCD1602_DisplayOneCharOnAddr(unsigned char x,unsigned char y,unsigned char ucData)
 108          {
 109   1        LCD1602_MoveToPosition(x,y);   //光标位置
 110   1        LCD1602_WriteInformation(ucData,1);   //写入数据
 111   1      }
 112          
 113          /******************************************************************************
 114          函数名称：LCD1602_DisplayString
 115          函数功能：显示字符串
 116          入口参数：ucStr-字符串的首地址
 117          返回值：无
C51 COMPILER V9.06   LCD1602                                                               06/02/2014 21:49:55 PAGE 3   

 118          备注：无
 119          *******************************************************************************/
 120          void LCD1602_DisplayString(unsigned char *ucStr)  
 121          {
 122   1        while(*ucStr != '\0')    //字符串结束之前，循环显示
 123   1        {
 124   2           LCD1602_WriteInformation(*ucStr,1);   //依次写入每一个字符
 125   2           ucStr++;                //指针增加
 126   2        }
 127   1      }
 128          
 129          /******************************************************************************
 130          函数名称：delay
 131          函数功能：延时函数
 132          入口参数：uiCount-延时参数，每加1增加0.5ms
 133          返回值：无
 134          备注：无
 135          *******************************************************************************/
 136          void delay(unsigned int n)
 137          {
 138   1        unsigned int i,j;
 139   1        for(i=0;i<n;i++)
 140   1          for(j=0;j<100;j++);
 141   1      }


MODULE INFORMATION:   STATIC OVERLAYABLE
   CODE SIZE        =    201    ----
   CONSTANT SIZE    =   ----    ----
   XDATA SIZE       =   ----    ----
   PDATA SIZE       =   ----    ----
   DATA SIZE        =   ----    ----
   IDATA SIZE       =   ----    ----
   BIT SIZE         =   ----       1
END OF MODULE INFORMATION.


C51 COMPILATION COMPLETE.  0 WARNING(S),  0 ERROR(S)
